.venv\Scripts\python.exe : Traceback (most 
recent call last):
At line:1 char:1
+ .venv\Scripts\python.exe test_backend.py 
2>&1 | Tee-Object -FilePath  ...
+ 
~~~~~~~~~~~~~~~~~~~~~~~~~~~~~~~~~~~~~~~~~~~~~
    + CategoryInfo          : NotSpecified:  
   (Traceback (most recent call last)::Stri  
  ng) [], RemoteException
    + FullyQualifiedErrorId : NativeCommandE 
   rror
 
  File "C:\Users\Sakthi\AI_Agents\raglocal\te
st_backend.py", line 228, in <module>
    main()
  File "C:\Users\Sakthi\AI_Agents\raglocal\te
st_backend.py", line 199, in main
    print("\u2554\u2550\u2550\u2550\u2550\u25
50\u2550\u2550\u2550\u2550\u2550\u2550\u2550\
u2550\u2550\u2550\u2550\u2550\u2550\u2550\u25
50\u2550\u2550\u2550\u2550\u2550\u2550\u2550\
u2550\u2550\u2550\u2550\u2550\u2550\u2550\u25
50\u2550\u2550\u2550\u2550\u2550\u2557")
  File "C:\Users\Sakthi\AppData\Local\Program
s\Python\Python312\Lib\encodings\cp1252.py", 
line 19, in encode
    return codecs.charmap_encode(input,self.e
rrors,encoding_table)[0]
           ^^^^^^^^^^^^^^^^^^^^^^^^^^^^^^^^^^
^^^^^^^^^^^^^^^^^^^^^
UnicodeEncodeError: 'charmap' codec can't 
encode characters in position 0-41: 
character maps to <undefined>
